#
# There is insufficient memory for the Java Runtime Environment to continue.
# Native memory allocation (malloc) failed to allocate 322816 bytes. Error detail: Chunk::new
# Possible reasons:
#   The system is out of physical RAM or swap space
#   This process is running with CompressedOops enabled, and the Java Heap may be blocking the growth of the native heap
# Possible solutions:
#   Reduce memory load on the system
#   Increase physical memory or swap space
#   Check if swap backing store is full
#   Decrease Java heap size (-Xmx/-Xms)
#   Decrease number of Java threads
#   Decrease Java thread stack sizes (-Xss)
#   Set larger code cache with -XX:ReservedCodeCacheSize=
#   JVM is running with Unscaled Compressed Oops mode in which the Java heap is
#     placed in the first 4GB address space. The Java Heap base address is the
#     maximum limit for the native heap growth. Please use -XX:HeapBaseMinAddress
#     to set the Java Heap base and to place the Java Heap above 4GB virtual address.
# This output file may be truncated or incomplete.
#
#  Out of Memory Error (arena.cpp:168), pid=34468, tid=29528
#
# JRE version: OpenJDK Runtime Environment Temurin-21.0.9+10 (21.0.9+10) (build 21.0.9+10-LTS)
# Java VM: OpenJDK 64-Bit Server VM Temurin-21.0.9+10 (21.0.9+10-LTS, mixed mode, sharing, tiered, compressed oops, compressed class ptrs, parallel gc, windows-amd64)
# No core dump will be written. Minidumps are not enabled by default on client versions of Windows
#

---------------  S U M M A R Y ------------

Command Line: --add-modules=ALL-SYSTEM --add-opens=java.base/java.util=ALL-UNNAMED --add-opens=java.base/java.lang=ALL-UNNAMED --add-opens=java.base/sun.nio.fs=ALL-UNNAMED -Declipse.application=org.eclipse.jdt.ls.core.id1 -Dosgi.bundles.defaultStartLevel=4 -Declipse.product=org.eclipse.jdt.ls.core.product -Djava.import.generatesMetadataFilesAtProjectRoot=false -DDetectVMInstallationsJob.disabled=true -Dfile.encoding=utf8 -XX:+UseParallelGC -XX:GCTimeRatio=4 -XX:AdaptiveSizePolicyWeight=90 -Dsun.zip.disableMemoryMapping=true -Xmx2G -Xms100m -Xlog:disable -javaagent:c:\Users\babit\.vscode\extensions\redhat.java-1.50.0-win32-x64\lombok\lombok-1.18.39-4050.jar c:\Users\babit\.vscode\extensions\redhat.java-1.50.0-win32-x64\server\plugins\org.eclipse.equinox.launcher_1.7.100.v20251111-0406.jar -configuration c:\Users\babit\AppData\Roaming\Code\User\globalStorage\redhat.java\1.50.0\config_ss_win -data c:\Users\babit\AppData\Roaming\Code\User\workspaceStorage\d62f9dceb2761922a316b0b6a8a0afd4\redhat.java\ss_ws --pipe=\\.\pipe\lsp-6a85b725a903fff6b99cad5f2b7be85f-sock

Host: 11th Gen Intel(R) Core(TM) i3-1115G4 @ 3.00GHz, 4 cores, 7G,  Windows 11 , 64 bit Build 26100 (10.0.26100.7309)
Time: Tue Dec 16 15:28:21 2025 India Standard Time elapsed time: 4.161061 seconds (0d 0h 0m 4s)

---------------  T H R E A D  ---------------

Current thread (0x000001e5e8484c30):  JavaThread "C2 CompilerThread1" daemon [_thread_in_native, id=29528, stack(0x0000000101300000,0x0000000101400000) (1024K)]


Current CompileTask:
C2:4161  977   !   4       java.util.jar.Attributes::read (494 bytes)

Stack: [0x0000000101300000,0x0000000101400000]
Native frames: (J=compiled Java code, j=interpreted, Vv=VM code, C=native code)
V  [jvm.dll+0x6d6e29]
V  [jvm.dll+0x8b4b76]
V  [jvm.dll+0x8b712e]
V  [jvm.dll+0x8b7813]
V  [jvm.dll+0x283d86]
V  [jvm.dll+0xc66ed]
V  [jvm.dll+0xc6c31]
V  [jvm.dll+0x2facee]
V  [jvm.dll+0x5fde44]
V  [jvm.dll+0x255557]
V  [jvm.dll+0x25591d]
V  [jvm.dll+0x24df40]
V  [jvm.dll+0x24b482]
V  [jvm.dll+0x1cb13e]
V  [jvm.dll+0x25b29d]
V  [jvm.dll+0x25982a]
V  [jvm.dll+0x3f7ea6]
V  [jvm.dll+0x85e9ad]
V  [jvm.dll+0x6d565d]
C  [ucrtbase.dll+0x37b0]
C  [KERNEL32.DLL+0x2e8d7]
C  [ntdll.dll+0x8c53c]


---------------  P R O C E S S  ---------------

Threads class SMR info:
_java_thread_list=0x000001e5e8693fe0, length=12, elements={
0x000001e5cc91d1e0, 0x000001e5cc8089b0, 0x000001e5cc80c120, 0x000001e5cc80e8e0,
0x000001e5cc811440, 0x000001e5cc811e90, 0x000001e5cc8128e0, 0x000001e5cc815720,
0x000001e5cc890990, 0x000001e5e8174ca0, 0x000001e5e826bb50, 0x000001e5e8484c30
}

Java Threads: ( => current thread )
  0x000001e5cc91d1e0 JavaThread "main"                              [_thread_in_native, id=16096, stack(0x0000000100500000,0x0000000100600000) (1024K)]
  0x000001e5cc8089b0 JavaThread "Reference Handler"          daemon [_thread_blocked, id=11800, stack(0x0000000100900000,0x0000000100a00000) (1024K)]
  0x000001e5cc80c120 JavaThread "Finalizer"                  daemon [_thread_blocked, id=31716, stack(0x0000000100a00000,0x0000000100b00000) (1024K)]
  0x000001e5cc80e8e0 JavaThread "Signal Dispatcher"          daemon [_thread_blocked, id=22496, stack(0x0000000100b00000,0x0000000100c00000) (1024K)]
  0x000001e5cc811440 JavaThread "Attach Listener"            daemon [_thread_blocked, id=2716, stack(0x0000000100c00000,0x0000000100d00000) (1024K)]
  0x000001e5cc811e90 JavaThread "Service Thread"             daemon [_thread_blocked, id=29024, stack(0x0000000100d00000,0x0000000100e00000) (1024K)]
  0x000001e5cc8128e0 JavaThread "Monitor Deflation Thread"   daemon [_thread_blocked, id=14512, stack(0x0000000100e00000,0x0000000100f00000) (1024K)]
  0x000001e5cc815720 JavaThread "C2 CompilerThread0"         daemon [_thread_blocked, id=12872, stack(0x0000000100f00000,0x0000000101000000) (1024K)]
  0x000001e5cc890990 JavaThread "C1 CompilerThread0"         daemon [_thread_blocked, id=8632, stack(0x0000000101000000,0x0000000101100000) (1024K)]
  0x000001e5e8174ca0 JavaThread "Common-Cleaner"             daemon [_thread_blocked, id=27276, stack(0x0000000101100000,0x0000000101200000) (1024K)]
  0x000001e5e826bb50 JavaThread "Notification Thread"        daemon [_thread_blocked, id=27840, stack(0x0000000101200000,0x0000000101300000) (1024K)]
=>0x000001e5e8484c30 JavaThread "C2 CompilerThread1"         daemon [_thread_in_native, id=29528, stack(0x0000000101300000,0x0000000101400000) (1024K)]
Total: 12

Other Threads:
  0x000001e5cc9da600 VMThread "VM Thread"                           [id=33300, stack(0x0000000100800000,0x0000000100900000) (1024K)]
  0x000001e5cc986600 WatcherThread "VM Periodic Task Thread"        [id=32132, stack(0x0000000100700000,0x0000000100800000) (1024K)]
  0x000001e5cc93bc50 WorkerThread "GC Thread#0"                     [id=24464, stack(0x0000000100600000,0x0000000100700000) (1024K)]
Total: 3

Threads with active compile tasks:
C2 CompilerThread1  4184  977   !   4       java.util.jar.Attributes::read (494 bytes)
Total: 1

VM state: not at safepoint (normal execution)

VM Mutex/Monitor currently owned by a thread: None

Heap address: 0x0000000080000000, size: 2048 MB, Compressed Oops mode: 32-bit

CDS archive(s) mapped at: [0x000001e580000000-0x000001e580ba0000-0x000001e580ba0000), size 12189696, SharedBaseAddress: 0x000001e580000000, ArchiveRelocationMode: 1.
Compressed class space mapped at: 0x000001e581000000-0x000001e5c1000000, reserved size: 1073741824
Narrow klass base: 0x000001e580000000, Narrow klass shift: 0, Narrow klass range: 0x100000000

GC Precious Log:
 CardTable entry size: 512
 CPUs: 4 total, 4 available
 Memory: 7926M
 Large Page Support: Disabled
 NUMA Support: Disabled
 Compressed Oops: Enabled (32-bit)
 Alignments: Space 512K, Generation 512K, Heap 2M
 Heap Min Capacity: 100M
 Heap Initial Capacity: 100M
 Heap Max Capacity: 2G
 Pre-touch: Disabled
 Parallel Workers: 4

Heap:
 PSYoungGen      total 29696K, used 20394K [0x00000000d5580000, 0x00000000d7680000, 0x0000000100000000)
  eden space 25600K, 79% used [0x00000000d5580000,0x00000000d696aa90,0x00000000d6e80000)
  from space 4096K, 0% used [0x00000000d7280000,0x00000000d7280000,0x00000000d7680000)
  to   space 4096K, 0% used [0x00000000d6e80000,0x00000000d6e80000,0x00000000d7280000)
 ParOldGen       total 68608K, used 0K [0x0000000080000000, 0x0000000084300000, 0x00000000d5580000)
  object space 68608K, 0% used [0x0000000080000000,0x0000000080000000,0x0000000084300000)
 Metaspace       used 3591K, committed 3840K, reserved 1114112K
  class space    used 392K, committed 512K, reserved 1048576K

Card table byte_map: [0x000001e5cc2c0000,0x000001e5cc6d0000] _byte_map_base: 0x000001e5cbec0000

Marking Bits: (ParMarkBitMap*) 0x00007ffaa95f2460
 Begin Bits: [0x000001e5dedd0000, 0x000001e5e0dd0000)
 End Bits:   [0x000001e5e0dd0000, 0x000001e5e2dd0000)

Polling page: 0x000001e5ca780000

Metaspace:

Usage:
  Non-class:      3.12 MB used.
      Class:    392.16 KB used.
       Both:      3.51 MB used.

Virtual space:
  Non-class space:       64.00 MB reserved,       3.25 MB (  5%) committed,  1 nodes.
      Class space:        1.00 GB reserved,     512.00 KB ( <1%) committed,  1 nodes.
             Both:        1.06 GB reserved,       3.75 MB ( <1%) committed. 

Chunk freelists:
   Non-Class:  11.45 MB
       Class:  15.47 MB
        Both:  26.93 MB

MaxMetaspaceSize: unlimited
CompressedClassSpaceSize: 1.00 GB
Initial GC threshold: 21.00 MB
Current GC threshold: 21.00 MB
CDS: on
 - commit_granule_bytes: 65536.
 - commit_granule_words: 8192.
 - virtual_space_node_default_size: 8388608.
 - enlarge_chunks_in_place: 1.
 - use_allocation_guard: 0.


Internal statistics:

num_allocs_failed_limit: 0.
num_arena_births: 170.
num_arena_deaths: 0.
num_vsnodes_births: 2.
num_vsnodes_deaths: 0.
num_space_committed: 60.
num_space_uncommitted: 0.
num_chunks_returned_to_freelist: 0.
num_chunks_taken_from_freelist: 215.
num_chunk_merges: 0.
num_chunk_splits: 140.
num_chunks_enlarged: 77.
num_inconsistent_stats: 0.

CodeHeap 'non-profiled nmethods': size=120000Kb used=395Kb max_used=395Kb free=119604Kb
 bounds [0x000001e5d75f0000, 0x000001e5d7860000, 0x000001e5deb20000]
CodeHeap 'profiled nmethods': size=120000Kb used=1585Kb max_used=1585Kb free=118414Kb
 bounds [0x000001e5cfb20000, 0x000001e5cfd90000, 0x000001e5d7050000]
CodeHeap 'non-nmethods': size=5760Kb used=1201Kb max_used=1218Kb free=4558Kb
 bounds [0x000001e5d7050000, 0x000001e5d72c0000, 0x000001e5d75f0000]
CodeCache: size=245760Kb, used=3181Kb, max_used=3198Kb, free=242576Kb
 total_blobs=1442, nmethods=991, adapters=358, full_count=0
Compilation: enabled, stopped_count=0, restarted_count=0

Compilation events (20 events):
Event: 4.127 Thread 0x000001e5e8484c30 nmethod 975 0x000001e5d764f190 code [0x000001e5d764f360, 0x000001e5d764f6e0]
Event: 4.127 Thread 0x000001e5e8484c30  977   !   4       java.util.jar.Attributes::read (494 bytes)
Event: 4.127 Thread 0x000001e5cc890990  984       3       java.math.MutableBigInteger::unsignedLongCompare (20 bytes)
Event: 4.127 Thread 0x000001e5cc890990 nmethod 984 0x000001e5cfca3510 code [0x000001e5cfca36a0, 0x000001e5cfca3810]
Event: 4.131 Thread 0x000001e5cc890990  985 %     3       java.math.BigInteger::implMultiplyToLen @ 135 (216 bytes)
Event: 4.131 Thread 0x000001e5cc890990 nmethod 985% 0x000001e5cfca3890 code [0x000001e5cfca3aa0, 0x000001e5cfca4188]
Event: 4.131 Thread 0x000001e5cc890990  986       3       java.math.BigInteger::implMultiplyToLen (216 bytes)
Event: 4.132 Thread 0x000001e5cc890990 nmethod 986 0x000001e5cfca4610 code [0x000001e5cfca4800, 0x000001e5cfca4da8]
Event: 4.133 Thread 0x000001e5cc890990  988       3       java.lang.String::valueOf (15 bytes)
Event: 4.133 Thread 0x000001e5cc890990 nmethod 988 0x000001e5cfca5190 code [0x000001e5cfca5340, 0x000001e5cfca5548]
Event: 4.133 Thread 0x000001e5cc815720 nmethod 953 0x000001e5d764fd90 code [0x000001e5d7650000, 0x000001e5d7650a90]
Event: 4.133 Thread 0x000001e5cc815720  978   !   4       java.lang.String::<init> (890 bytes)
Event: 4.137 Thread 0x000001e5cc890990  989       3       sun.security.util.DerOutputStream::putLength (147 bytes)
Event: 4.138 Thread 0x000001e5cc890990 nmethod 989 0x000001e5cfca5610 code [0x000001e5cfca59e0, 0x000001e5cfca7e58]
Event: 4.139 Thread 0x000001e5cc890990  990       3       java.util.Hashtable::addEntry (87 bytes)
Event: 4.140 Thread 0x000001e5cc890990 nmethod 990 0x000001e5cfca8d90 code [0x000001e5cfca8f80, 0x000001e5cfca95b0]
Event: 4.140 Thread 0x000001e5cc890990  991       3       sun.security.util.SignatureFileVerifier::updateSigners (132 bytes)
Event: 4.141 Thread 0x000001e5cc890990 nmethod 991 0x000001e5cfca9810 code [0x000001e5cfca9ac0, 0x000001e5cfcaa980]
Event: 4.141 Thread 0x000001e5cc890990  992       3       sun.security.util.SignatureFileVerifier::matches (89 bytes)
Event: 4.142 Thread 0x000001e5cc890990 nmethod 992 0x000001e5cfcaaf90 code [0x000001e5cfcab240, 0x000001e5cfcac090]

GC Heap History (0 events):
No events

Dll operation events (8 events):
Event: 0.156 Loaded shared library c:\Users\babit\.vscode\extensions\redhat.java-1.50.0-win32-x64\jre\21.0.9-win32-x86_64\bin\java.dll
Event: 0.517 Loaded shared library c:\Users\babit\.vscode\extensions\redhat.java-1.50.0-win32-x64\jre\21.0.9-win32-x86_64\bin\zip.dll
Event: 0.564 Loaded shared library C:\Users\babit\.vscode\extensions\redhat.java-1.50.0-win32-x64\jre\21.0.9-win32-x86_64\bin\instrument.dll
Event: 0.752 Loaded shared library C:\Users\babit\.vscode\extensions\redhat.java-1.50.0-win32-x64\jre\21.0.9-win32-x86_64\bin\net.dll
Event: 0.754 Loaded shared library C:\Users\babit\.vscode\extensions\redhat.java-1.50.0-win32-x64\jre\21.0.9-win32-x86_64\bin\nio.dll
Event: 0.758 Loaded shared library C:\Users\babit\.vscode\extensions\redhat.java-1.50.0-win32-x64\jre\21.0.9-win32-x86_64\bin\zip.dll
Event: 0.843 Loaded shared library C:\Users\babit\.vscode\extensions\redhat.java-1.50.0-win32-x64\jre\21.0.9-win32-x86_64\bin\jimage.dll
Event: 1.175 Loaded shared library c:\Users\babit\.vscode\extensions\redhat.java-1.50.0-win32-x64\jre\21.0.9-win32-x86_64\bin\verify.dll

Deoptimization events (20 events):
Event: 2.933 Thread 0x000001e5cc91d1e0 DEOPT PACKING pc=0x000001e5cfc24404 sp=0x00000001005fdb30
Event: 2.933 Thread 0x000001e5cc91d1e0 DEOPT UNPACKING pc=0x000001e5d70a78e2 sp=0x00000001005fcf88 mode 0
Event: 2.938 Thread 0x000001e5cc91d1e0 Uncommon trap: trap_request=0xffffff45 fr.pc=0x000001e5d761fdb0 relative=0x0000000000000870
Event: 2.938 Thread 0x000001e5cc91d1e0 Uncommon trap: reason=unstable_if action=reinterpret pc=0x000001e5d761fdb0 method=java.util.HashMap.putVal(ILjava/lang/Object;Ljava/lang/Object;ZZ)Ljava/lang/Object; @ 81 c2
Event: 2.938 Thread 0x000001e5cc91d1e0 DEOPT PACKING pc=0x000001e5d761fdb0 sp=0x00000001005fe130
Event: 2.938 Thread 0x000001e5cc91d1e0 DEOPT UNPACKING pc=0x000001e5d70a6da2 sp=0x00000001005fe0f0 mode 2
Event: 2.941 Thread 0x000001e5cc91d1e0 Uncommon trap: trap_request=0xffffff6e fr.pc=0x000001e5d76346e8 relative=0x0000000000000348
Event: 2.941 Thread 0x000001e5cc91d1e0 Uncommon trap: reason=loop_limit_check action=maybe_recompile pc=0x000001e5d76346e8 method=java.math.BigInteger.implMulAdd([I[IIII)I @ 26 c2
Event: 2.941 Thread 0x000001e5cc91d1e0 DEOPT PACKING pc=0x000001e5d76346e8 sp=0x00000001005fdc00
Event: 2.941 Thread 0x000001e5cc91d1e0 DEOPT UNPACKING pc=0x000001e5d70a6da2 sp=0x00000001005fdb50 mode 2
Event: 3.029 Thread 0x000001e5cc91d1e0 DEOPT PACKING pc=0x000001e5cfc3bddd sp=0x00000001005fad60
Event: 3.029 Thread 0x000001e5cc91d1e0 DEOPT UNPACKING pc=0x000001e5d70a78e2 sp=0x00000001005fa1d8 mode 0
Event: 3.088 Thread 0x000001e5cc91d1e0 Uncommon trap: trap_request=0xffffff45 fr.pc=0x000001e5d763852c relative=0x000000000000008c
Event: 3.088 Thread 0x000001e5cc91d1e0 Uncommon trap: reason=unstable_if action=reinterpret pc=0x000001e5d763852c method=jdk.internal.misc.Unsafe.convEndian(ZI)I @ 4 c2
Event: 3.088 Thread 0x000001e5cc91d1e0 DEOPT PACKING pc=0x000001e5d763852c sp=0x00000001005fdf60
Event: 3.088 Thread 0x000001e5cc91d1e0 DEOPT UNPACKING pc=0x000001e5d70a6da2 sp=0x00000001005fde90 mode 2
Event: 3.091 Thread 0x000001e5cc91d1e0 Uncommon trap: trap_request=0xffffff45 fr.pc=0x000001e5d761eebc relative=0x000000000000065c
Event: 3.091 Thread 0x000001e5cc91d1e0 Uncommon trap: reason=unstable_if action=reinterpret pc=0x000001e5d761eebc method=java.lang.AbstractStringBuilder.append(Ljava/lang/String;)Ljava/lang/AbstractStringBuilder; @ 1 c2
Event: 3.092 Thread 0x000001e5cc91d1e0 DEOPT PACKING pc=0x000001e5d761eebc sp=0x00000001005fe2c0
Event: 3.092 Thread 0x000001e5cc91d1e0 DEOPT UNPACKING pc=0x000001e5d70a6da2 sp=0x00000001005fe250 mode 2

Classes loaded (20 events):
Event: 3.968 Loading class sun/nio/fs/WindowsFileSystemProvider$1
Event: 3.968 Loading class sun/nio/fs/WindowsFileSystemProvider$1 done
Event: 3.968 Loading class sun/nio/fs/WindowsLinkSupport
Event: 3.968 Loading class sun/nio/fs/WindowsLinkSupport done
Event: 3.969 Loading class sun/nio/fs/WindowsAclFileAttributeView
Event: 3.969 Loading class sun/nio/fs/AbstractAclFileAttributeView
Event: 3.969 Loading class java/nio/file/attribute/AclFileAttributeView
Event: 3.969 Loading class java/nio/file/attribute/FileOwnerAttributeView
Event: 3.969 Loading class java/nio/file/attribute/FileOwnerAttributeView done
Event: 3.969 Loading class java/nio/file/attribute/AclFileAttributeView done
Event: 3.969 Loading class sun/nio/fs/AbstractAclFileAttributeView done
Event: 3.969 Loading class sun/nio/fs/WindowsAclFileAttributeView done
Event: 3.969 Loading class sun/nio/fs/WindowsSecurity
Event: 3.970 Loading class sun/nio/fs/WindowsSecurity done
Event: 3.970 Loading class sun/nio/fs/WindowsFileStore
Event: 3.971 Loading class java/nio/file/FileStore
Event: 3.971 Loading class java/nio/file/FileStore done
Event: 3.971 Loading class sun/nio/fs/WindowsFileStore done
Event: 3.973 Loading class java/net/URLClassLoader$1
Event: 3.973 Loading class java/net/URLClassLoader$1 done

Classes unloaded (0 events):
No events

Classes redefined (0 events):
No events

Internal exceptions (20 events):
Event: 1.096 Thread 0x000001e5cc91d1e0 Exception <a 'java/lang/NoSuchMethodError'{0x00000000d59e8030}: 'void java.lang.invoke.DelegatingMethodHandle$Holder.reinvoke_L(java.lang.Object, java.lang.Object, java.lang.Object, int, java.lang.Object)'> (0x00000000d59e8030) 
thrown [s\src\hotspot\share\interpreter\linkResolver.cpp, line 773]
Event: 1.099 Thread 0x000001e5cc91d1e0 Exception <a 'java/lang/NoSuchMethodError'{0x00000000d59f8980}: 'int java.lang.invoke.DirectMethodHandle$Holder.invokeSpecial(java.lang.Object, java.lang.Object, java.lang.Object)'> (0x00000000d59f8980) 
thrown [s\src\hotspot\share\interpreter\linkResolver.cpp, line 773]
Event: 1.101 Thread 0x000001e5cc91d1e0 Exception <a 'java/lang/NoSuchMethodError'{0x00000000d5a04640}: 'java.lang.Object java.lang.invoke.DirectMethodHandle$Holder.invokeStatic(java.lang.Object, java.lang.Object, int)'> (0x00000000d5a04640) 
thrown [s\src\hotspot\share\interpreter\linkResolver.cpp, line 773]
Event: 1.102 Thread 0x000001e5cc91d1e0 Exception <a 'java/lang/NoSuchMethodError'{0x00000000d5a08f90}: 'void java.lang.invoke.DirectMethodHandle$Holder.invokeStatic(java.lang.Object, java.lang.Object, int, java.lang.Object)'> (0x00000000d5a08f90) 
thrown [s\src\hotspot\share\interpreter\linkResolver.cpp, line 773]
Event: 1.103 Thread 0x000001e5cc91d1e0 Exception <a 'java/lang/NoSuchMethodError'{0x00000000d5a0cb20}: 'void java.lang.invoke.DirectMethodHandle$Holder.invokeSpecial(java.lang.Object, java.lang.Object, java.lang.Object, int, java.lang.Object)'> (0x00000000d5a0cb20) 
thrown [s\src\hotspot\share\interpreter\linkResolver.cpp, line 773]
Event: 1.103 Thread 0x000001e5cc91d1e0 Exception <a 'java/lang/NoSuchMethodError'{0x00000000d5a0ff90}: 'void java.lang.invoke.DelegatingMethodHandle$Holder.delegate(java.lang.Object, java.lang.Object, int, java.lang.Object)'> (0x00000000d5a0ff90) 
thrown [s\src\hotspot\share\interpreter\linkResolver.cpp, line 773]
Event: 1.321 Thread 0x000001e5cc91d1e0 Exception <a 'java/lang/NoSuchMethodError'{0x00000000d5bcee00}: 'void java.lang.invoke.DelegatingMethodHandle$Holder.reinvoke_L(java.lang.Object, java.lang.Object, java.lang.Object, int)'> (0x00000000d5bcee00) 
thrown [s\src\hotspot\share\interpreter\linkResolver.cpp, line 773]
Event: 2.100 Thread 0x000001e5cc91d1e0 Exception <a 'java/lang/NoSuchMethodError'{0x00000000d605aa38}: 'void java.lang.invoke.DirectMethodHandle$Holder.invokeVirtual(java.lang.Object, java.lang.Object)'> (0x00000000d605aa38) 
thrown [s\src\hotspot\share\interpreter\linkResolver.cpp, line 773]
Event: 3.034 Thread 0x000001e5cc91d1e0 Exception <a 'java/lang/NoSuchMethodError'{0x00000000d642a8a8}: 'void java.lang.invoke.DirectMethodHandle$Holder.invokeStatic(java.lang.Object, java.lang.Object)'> (0x00000000d642a8a8) 
thrown [s\src\hotspot\share\interpreter\linkResolver.cpp, line 773]
Event: 3.038 Thread 0x000001e5cc91d1e0 Exception <a 'java/lang/ClassNotFoundException'{0x00000000d64529a0}: sun/net/www/protocol/c/Handler> (0x00000000d64529a0) 
thrown [s\src\hotspot\share\classfile\systemDictionary.cpp, line 312]
Event: 3.085 Thread 0x000001e5cc91d1e0 Exception <a 'java/io/FileNotFoundException'{0x00000000d64ac248}> (0x00000000d64ac248) 
thrown [s\src\hotspot\share\prims\jni.cpp, line 520]
Event: 3.086 Thread 0x000001e5cc91d1e0 Exception <a 'java/io/FileNotFoundException'{0x00000000d64ad570}> (0x00000000d64ad570) 
thrown [s\src\hotspot\share\prims\jni.cpp, line 520]
Event: 3.086 Thread 0x000001e5cc91d1e0 Exception <a 'java/io/FileNotFoundException'{0x00000000d64ae1e8}> (0x00000000d64ae1e8) 
thrown [s\src\hotspot\share\prims\jni.cpp, line 520]
Event: 3.086 Thread 0x000001e5cc91d1e0 Exception <a 'java/io/FileNotFoundException'{0x00000000d64aed28}> (0x00000000d64aed28) 
thrown [s\src\hotspot\share\prims\jni.cpp, line 520]
Event: 3.091 Thread 0x000001e5cc91d1e0 Implicit null exception at 0x000001e5d761e8a4 to 0x000001e5d761eea4
Event: 3.106 Thread 0x000001e5cc91d1e0 Exception <a 'java/io/FileNotFoundException'{0x00000000d64e7178}> (0x00000000d64e7178) 
thrown [s\src\hotspot\share\prims\jni.cpp, line 520]
Event: 3.123 Thread 0x000001e5cc91d1e0 Exception <a 'java/lang/NoSuchMethodError'{0x00000000d651f358}: 'java.lang.Object java.lang.invoke.DirectMethodHandle$Holder.invokeInterface(java.lang.Object, java.lang.Object)'> (0x00000000d651f358) 
thrown [s\src\hotspot\share\interpreter\linkResolver.cpp, line 773]
Event: 3.128 Thread 0x000001e5cc91d1e0 Exception <a 'java/lang/NoSuchMethodError'{0x00000000d6532b38}: 'java.lang.Object java.lang.invoke.Invokers$Holder.invokeExact_MT(java.lang.Object, java.lang.Object, java.lang.Object, java.lang.Object, java.lang.Object, java.lang.Object)'> (0x00000000d6532b38) 
thrown [s\src\hotspot\share\interpreter\linkResolver.cpp, line 773]
Event: 3.339 Thread 0x000001e5cc91d1e0 Exception <a 'java/lang/NoSuchMethodError'{0x00000000d6549c10}: 'int java.lang.invoke.DirectMethodHandle$Holder.invokeStatic(java.lang.Object, java.lang.Object, java.lang.Object, java.lang.Object, java.lang.Object)'> (0x00000000d6549c10) 
thrown [s\src\hotspot\share\interpreter\linkResolver.cpp, line 773]
Event: 3.448 Thread 0x000001e5cc91d1e0 Exception <a 'java/lang/NoSuchMethodError'{0x00000000d65dd348}: 'java.lang.Object java.lang.invoke.DirectMethodHandle$Holder.invokeInterface(java.lang.Object, java.lang.Object, int)'> (0x00000000d65dd348) 
thrown [s\src\hotspot\share\interpreter\linkResolver.cpp, line 773]

ZGC Phase Switch (0 events):
No events

VM Operations (14 events):
Event: 0.516 Executing VM operation: HandshakeAllThreads (Deoptimize)
Event: 0.516 Executing VM operation: HandshakeAllThreads (Deoptimize) done
Event: 0.859 Executing VM operation: HandshakeAllThreads (Deoptimize)
Event: 0.859 Executing VM operation: HandshakeAllThreads (Deoptimize) done
Event: 1.865 Executing VM operation: Cleanup
Event: 1.865 Executing VM operation: Cleanup done
Event: 2.880 Executing VM operation: Cleanup
Event: 2.912 Executing VM operation: Cleanup done
Event: 2.953 Executing VM operation: HandshakeAllThreads (Deoptimize)
Event: 2.953 Executing VM operation: HandshakeAllThreads (Deoptimize) done
Event: 3.021 Executing VM operation: HandshakeAllThreads (Deoptimize)
Event: 3.021 Executing VM operation: HandshakeAllThreads (Deoptimize) done
Event: 4.029 Executing VM operation: Cleanup
Event: 4.107 Executing VM operation: Cleanup done

Memory protections (0 events):
No events

Nmethod flushes (0 events):
No events

Events (18 events):
Event: 0.181 Thread 0x000001e5cc91d1e0 Thread added: 0x000001e5cc91d1e0
Event: 0.274 Thread 0x000001e5cc91d1e0 Thread added: 0x000001e5cc8089b0
Event: 0.274 Thread 0x000001e5cc91d1e0 Thread added: 0x000001e5cc80c120
Event: 0.274 Thread 0x000001e5cc91d1e0 Thread added: 0x000001e5cc80e8e0
Event: 0.274 Thread 0x000001e5cc91d1e0 Thread added: 0x000001e5cc811440
Event: 0.274 Thread 0x000001e5cc91d1e0 Thread added: 0x000001e5cc811e90
Event: 0.275 Thread 0x000001e5cc91d1e0 Thread added: 0x000001e5cc8128e0
Event: 0.275 Thread 0x000001e5cc91d1e0 Thread added: 0x000001e5cc815720
Event: 0.354 Thread 0x000001e5cc91d1e0 Thread added: 0x000001e5cc890990
Event: 0.748 Thread 0x000001e5cc91d1e0 Thread added: 0x000001e5e8174ca0
Event: 1.584 Thread 0x000001e5cc91d1e0 Thread added: 0x000001e5e826bb50
Event: 1.587 Thread 0x000001e5cc890990 Thread added: 0x000001e5e82c14d0
Event: 1.778 Thread 0x000001e5e82c14d0 Thread exited: 0x000001e5e82c14d0
Event: 2.150 Thread 0x000001e5cc890990 Thread added: 0x000001e5e8486410
Event: 2.449 Thread 0x000001e5e8486410 Thread exited: 0x000001e5e8486410
Event: 3.005 Thread 0x000001e5cc890990 Thread added: 0x000001e5e8513fc0
Event: 3.281 Thread 0x000001e5e8513fc0 Thread exited: 0x000001e5e8513fc0
Event: 4.118 Thread 0x000001e5cc890990 Thread added: 0x000001e5e8484c30


Dynamic libraries:
0x00007ff79b640000 - 0x00007ff79b64e000 	c:\Users\babit\.vscode\extensions\redhat.java-1.50.0-win32-x64\jre\21.0.9-win32-x86_64\bin\java.exe
0x00007ffb600a0000 - 0x00007ffb60307000 	C:\WINDOWS\SYSTEM32\ntdll.dll
0x00007ffb5e520000 - 0x00007ffb5e5e9000 	C:\WINDOWS\System32\KERNEL32.DLL
0x00007ffb5d8d0000 - 0x00007ffb5dcbf000 	C:\WINDOWS\System32\KERNELBASE.dll
0x00007ffb5d650000 - 0x00007ffb5d79b000 	C:\WINDOWS\System32\ucrtbase.dll
0x00007ffb1c950000 - 0x00007ffb1c968000 	c:\Users\babit\.vscode\extensions\redhat.java-1.50.0-win32-x64\jre\21.0.9-win32-x86_64\bin\jli.dll
0x00007ffb5e720000 - 0x00007ffb5e8e5000 	C:\WINDOWS\System32\USER32.dll
0x00007ffb5de10000 - 0x00007ffb5de37000 	C:\WINDOWS\System32\win32u.dll
0x00007ffb5fe00000 - 0x00007ffb5fe2b000 	C:\WINDOWS\System32\GDI32.dll
0x00007ffb5d7a0000 - 0x00007ffb5d8cc000 	C:\WINDOWS\System32\gdi32full.dll
0x00007ffb5dcd0000 - 0x00007ffb5dd73000 	C:\WINDOWS\System32\msvcp_win.dll
0x00007ffb19970000 - 0x00007ffb1998e000 	c:\Users\babit\.vscode\extensions\redhat.java-1.50.0-win32-x64\jre\21.0.9-win32-x86_64\bin\VCRUNTIME140.dll
0x00007ffb43b70000 - 0x00007ffb43e03000 	C:\WINDOWS\WinSxS\amd64_microsoft.windows.common-controls_6595b64144ccf1df_6.0.26100.7309_none_3e05feeae336a044\COMCTL32.dll
0x00007ffb5fc20000 - 0x00007ffb5fcc9000 	C:\WINDOWS\System32\msvcrt.dll
0x00007ffb5fe30000 - 0x00007ffb5fe61000 	C:\WINDOWS\System32\IMM32.DLL
0x00007ffb467a0000 - 0x00007ffb467ac000 	c:\Users\babit\.vscode\extensions\redhat.java-1.50.0-win32-x64\jre\21.0.9-win32-x86_64\bin\vcruntime140_1.dll
0x00007ffb10cf0000 - 0x00007ffb10d7d000 	c:\Users\babit\.vscode\extensions\redhat.java-1.50.0-win32-x64\jre\21.0.9-win32-x86_64\bin\msvcp140.dll
0x00007ffaa8930000 - 0x00007ffaa96d0000 	c:\Users\babit\.vscode\extensions\redhat.java-1.50.0-win32-x64\jre\21.0.9-win32-x86_64\bin\server\jvm.dll
0x00007ffb5ed90000 - 0x00007ffb5ee44000 	C:\WINDOWS\System32\ADVAPI32.dll
0x00007ffb5e670000 - 0x00007ffb5e716000 	C:\WINDOWS\System32\sechost.dll
0x00007ffb5fcd0000 - 0x00007ffb5fde8000 	C:\WINDOWS\System32\RPCRT4.dll
0x00007ffb5e4a0000 - 0x00007ffb5e514000 	C:\WINDOWS\System32\WS2_32.dll
0x00007ffb5d050000 - 0x00007ffb5d0ae000 	C:\WINDOWS\SYSTEM32\POWRPROF.dll
0x00007ffb54bf0000 - 0x00007ffb54c25000 	C:\WINDOWS\SYSTEM32\WINMM.dll
0x00007ffb4bea0000 - 0x00007ffb4beab000 	C:\WINDOWS\SYSTEM32\VERSION.dll
0x00007ffb5d030000 - 0x00007ffb5d044000 	C:\WINDOWS\SYSTEM32\UMPDC.dll
0x00007ffb5bfa0000 - 0x00007ffb5bfbb000 	C:\WINDOWS\SYSTEM32\kernel.appcore.dll
0x00007ffb46470000 - 0x00007ffb4647a000 	c:\Users\babit\.vscode\extensions\redhat.java-1.50.0-win32-x64\jre\21.0.9-win32-x86_64\bin\jimage.dll
0x00007ffb5a800000 - 0x00007ffb5aa42000 	C:\WINDOWS\SYSTEM32\DBGHELP.DLL
0x00007ffb5f780000 - 0x00007ffb5fb05000 	C:\WINDOWS\System32\combase.dll
0x00007ffb5ef10000 - 0x00007ffb5efe6000 	C:\WINDOWS\System32\OLEAUT32.dll
0x00007ffb386e0000 - 0x00007ffb3871c000 	C:\WINDOWS\SYSTEM32\dbgcore.DLL
0x00007ffb5d4e0000 - 0x00007ffb5d585000 	C:\WINDOWS\System32\bcryptPrimitives.dll
0x00007ffb463c0000 - 0x00007ffb463cf000 	c:\Users\babit\.vscode\extensions\redhat.java-1.50.0-win32-x64\jre\21.0.9-win32-x86_64\bin\instrument.dll
0x00007ffb18100000 - 0x00007ffb18120000 	c:\Users\babit\.vscode\extensions\redhat.java-1.50.0-win32-x64\jre\21.0.9-win32-x86_64\bin\java.dll
0x00007ffb5eff0000 - 0x00007ffb5f743000 	C:\WINDOWS\System32\SHELL32.dll
0x00007ffb5d1f0000 - 0x00007ffb5d35a000 	C:\WINDOWS\System32\wintypes.dll
0x00007ffb5add0000 - 0x00007ffb5b62e000 	C:\WINDOWS\SYSTEM32\windows.storage.dll
0x00007ffb5ff40000 - 0x00007ffb60035000 	C:\WINDOWS\System32\SHCORE.dll
0x00007ffb5e020000 - 0x00007ffb5e086000 	C:\WINDOWS\System32\shlwapi.dll
0x00007ffb5d110000 - 0x00007ffb5d139000 	C:\WINDOWS\SYSTEM32\profapi.dll
0x00007ffb15370000 - 0x00007ffb15388000 	c:\Users\babit\.vscode\extensions\redhat.java-1.50.0-win32-x64\jre\21.0.9-win32-x86_64\bin\zip.dll
0x00007ffb46230000 - 0x00007ffb46240000 	C:\Users\babit\.vscode\extensions\redhat.java-1.50.0-win32-x64\jre\21.0.9-win32-x86_64\bin\net.dll
0x00007ffb4e0e0000 - 0x00007ffb4e208000 	C:\WINDOWS\SYSTEM32\WINHTTP.dll
0x00007ffb5c510000 - 0x00007ffb5c57b000 	C:\WINDOWS\system32\mswsock.dll
0x00007ffb15160000 - 0x00007ffb15176000 	C:\Users\babit\.vscode\extensions\redhat.java-1.50.0-win32-x64\jre\21.0.9-win32-x86_64\bin\nio.dll
0x00007ffb45cd0000 - 0x00007ffb45ce0000 	c:\Users\babit\.vscode\extensions\redhat.java-1.50.0-win32-x64\jre\21.0.9-win32-x86_64\bin\verify.dll

JVMTI agents:
c:\Users\babit\.vscode\extensions\redhat.java-1.50.0-win32-x64\lombok\lombok-1.18.39-4050.jar path:c:\Users\babit\.vscode\extensions\redhat.java-1.50.0-win32-x64\jre\21.0.9-win32-x86_64\bin\instrument.dll, loaded, initialized, instrumentlib options:none

dbghelp: loaded successfully - version: 4.0.5 - missing functions: none
symbol engine: initialized successfully - sym options: 0x614 - pdb path: .;c:\Users\babit\.vscode\extensions\redhat.java-1.50.0-win32-x64\jre\21.0.9-win32-x86_64\bin;C:\WINDOWS\SYSTEM32;C:\WINDOWS\WinSxS\amd64_microsoft.windows.common-controls_6595b64144ccf1df_6.0.26100.7309_none_3e05feeae336a044;c:\Users\babit\.vscode\extensions\redhat.java-1.50.0-win32-x64\jre\21.0.9-win32-x86_64\bin\server

VM Arguments:
jvm_args: --add-modules=ALL-SYSTEM --add-opens=java.base/java.util=ALL-UNNAMED --add-opens=java.base/java.lang=ALL-UNNAMED --add-opens=java.base/sun.nio.fs=ALL-UNNAMED -Declipse.application=org.eclipse.jdt.ls.core.id1 -Dosgi.bundles.defaultStartLevel=4 -Declipse.product=org.eclipse.jdt.ls.core.product -Djava.import.generatesMetadataFilesAtProjectRoot=false -DDetectVMInstallationsJob.disabled=true -Dfile.encoding=utf8 -XX:+UseParallelGC -XX:GCTimeRatio=4 -XX:AdaptiveSizePolicyWeight=90 -Dsun.zip.disableMemoryMapping=true -Xmx2G -Xms100m -Xlog:disable -javaagent:c:\Users\babit\.vscode\extensions\redhat.java-1.50.0-win32-x64\lombok\lombok-1.18.39-4050.jar 
java_command: c:\Users\babit\.vscode\extensions\redhat.java-1.50.0-win32-x64\server\plugins\org.eclipse.equinox.launcher_1.7.100.v20251111-0406.jar -configuration c:\Users\babit\AppData\Roaming\Code\User\globalStorage\redhat.java\1.50.0\config_ss_win -data c:\Users\babit\AppData\Roaming\Code\User\workspaceStorage\d62f9dceb2761922a316b0b6a8a0afd4\redhat.java\ss_ws --pipe=\\.\pipe\lsp-6a85b725a903fff6b99cad5f2b7be85f-sock
java_class_path (initial): c:\Users\babit\.vscode\extensions\redhat.java-1.50.0-win32-x64\server\plugins\org.eclipse.equinox.launcher_1.7.100.v20251111-0406.jar
Launcher Type: SUN_STANDARD

[Global flags]
    uintx AdaptiveSizePolicyWeight                 = 90                                        {product} {command line}
     intx CICompilerCount                          = 3                                         {product} {ergonomic}
    uintx GCTimeRatio                              = 4                                         {product} {command line}
   size_t InitialHeapSize                          = 104857600                                 {product} {command line}
   size_t MaxHeapSize                              = 2147483648                                {product} {command line}
   size_t MaxNewSize                               = 715653120                                 {product} {ergonomic}
   size_t MinHeapDeltaBytes                        = 524288                                    {product} {ergonomic}
   size_t MinHeapSize                              = 104857600                                 {product} {command line}
   size_t NewSize                                  = 34603008                                  {product} {ergonomic}
    uintx NonNMethodCodeHeapSize                   = 5832780                                {pd product} {ergonomic}
    uintx NonProfiledCodeHeapSize                  = 122912730                              {pd product} {ergonomic}
   size_t OldSize                                  = 70254592                                  {product} {ergonomic}
    uintx ProfiledCodeHeapSize                     = 122912730                              {pd product} {ergonomic}
    uintx ReservedCodeCacheSize                    = 251658240                              {pd product} {ergonomic}
     bool SegmentedCodeCache                       = true                                      {product} {ergonomic}
   size_t SoftMaxHeapSize                          = 2147483648                             {manageable} {ergonomic}
     bool UseCompressedOops                        = true                           {product lp64_product} {ergonomic}
     bool UseLargePagesIndividualAllocation        = false                                  {pd product} {ergonomic}
     bool UseParallelGC                            = true                                      {product} {command line}

Logging:
Log output configuration:
 #0: stdout all=off uptime,level,tags foldmultilines=false
 #1: stderr all=off uptime,level,tags foldmultilines=false

Release file:
JAVA_VERSION="21.0.9" 
MODULES="java.base java.compiler java.datatransfer java.xml java.prefs java.desktop java.instrument java.logging java.management java.security.sasl java.naming java.rmi java.management.rmi java.net.http java.scripting java.security.jgss java.transaction.xa java.sql java.sql.rowset java.xml.crypto java.se java.smartcardio jdk.accessibility jdk.internal.jvmstat jdk.attach jdk.charsets jdk.internal.opt jdk.zipfs jdk.compiler jdk.crypto.ec jdk.crypto.cryptoki jdk.crypto.mscapi jdk.dynalink jdk.internal.ed jdk.editpad jdk.hotspot.agent jdk.httpserver jdk.internal.le jdk.internal.vm.ci jdk.internal.vm.compiler jdk.internal.vm.compiler.management jdk.jartool jdk.javadoc jdk.jcmd jdk.management jdk.management.agent jdk.jconsole jdk.jdeps jdk.jdwp.agent jdk.jdi jdk.jfr jdk.jshell jdk.jsobject jdk.jstatd jdk.localedata jdk.management.jfr jdk.naming.dns jdk.naming.rmi jdk.net jdk.nio.mapmode jdk.random jdk.sctp jdk.security.auth jdk.security.jgss jdk.unsupported jdk.unsupported.desktop jdk.xml.dom" 

Environment Variables:
JAVA_HOME=C:\Program Files\Java\jdk-17
PATH=C:\Program Files\Common Files\Oracle\Java\javapath;C:\WINDOWS\system32;C:\WINDOWS;C:\WINDOWS\System32\Wbem;C:\WINDOWS\System32\WindowsPowerShell\v1.0\;C:\WINDOWS\System32\OpenSSH\;C:\Program Files\dotnet\;C:\Program Files\nodejs\;C:\ProgramData\chocolatey\bin;C:\Program Files\Git\cmd;C:\WINDOWS\system32;C:\WINDOWS;C:\WINDOWS\System32\Wbem;C:\WINDOWS\System32\WindowsPowerShell\v1.0\;C:\WINDOWS\System32\OpenSSH\;C:\Program Files\dotnet\;C:\Program Files\nodejs\;C:\ProgramData\chocolatey\bin;C:\Program Files\Git\cmd;C:\Program Files\MySQL\MySQL Shell 8.0\bin\;C:\Users\babit\AppData\Local\Programs\Python\Python312\Scripts\;C:\Users\babit\AppData\Local\Programs\Python\Python312\;C:\Users\babit\AppData\Local\Microsoft\WindowsApps;C:\Users\babit\AppData\Local\Programs\Microsoft VS Code\bin;C:\Users\babit\AppData\Roaming\npm;;C:\Program Files\Java\jdk-17\bin
USERNAME=babit
OS=Windows_NT
PROCESSOR_IDENTIFIER=Intel64 Family 6 Model 140 Stepping 1, GenuineIntel
TMP=C:\Users\babit\AppData\Local\Temp
TEMP=C:\Users\babit\AppData\Local\Temp




Periodic native trim disabled

---------------  S Y S T E M  ---------------

OS:
 Windows 11 , 64 bit Build 26100 (10.0.26100.7309)
OS uptime: 1 days 13:50 hours
Hyper-V role detected

CPU: total 4 (initial active 4) (2 cores per cpu, 2 threads per core) family 6 model 140 stepping 1 microcode 0xbc, cx8, cmov, fxsr, ht, mmx, 3dnowpref, sse, sse2, sse3, ssse3, sse4.1, sse4.2, popcnt, lzcnt, tsc, tscinvbit, avx, avx2, aes, erms, clmul, bmi1, bmi2, adx, avx512f, avx512dq, avx512cd, avx512bw, avx512vl, sha, fma, vzeroupper, avx512_vpopcntdq, avx512_vpclmulqdq, avx512_vaes, avx512_vnni, clflush, clflushopt, clwb, avx512_vbmi2, avx512_vbmi, hv, rdtscp, rdpid, fsrm, gfni, avx512_bitalg, f16c, cet_ibt, cet_ss, avx512_ifma
Processor Information for the first 4 processors :
  Max Mhz: 2995, Current Mhz: 2995, Mhz Limit: 2995

Memory: 4k page, system-wide physical 7926M (779M free)
TotalPageFile size 15926M (AvailPageFile size 3M)
current process WorkingSet (physical memory assigned to process): 69M, peak: 69M
current process commit charge ("private bytes"): 219M, peak: 220M

vm_info: OpenJDK 64-Bit Server VM (21.0.9+10-LTS) for windows-amd64 JRE (21.0.9+10-LTS), built on 2025-10-21T00:00:00Z by "admin" with unknown MS VC++:1942

END.
