#
# A fatal error has been detected by the Java Runtime Environment:
#
#  EXCEPTION_ACCESS_VIOLATION (0xc0000005) at pc=0x00007ff9b8da1b85, pid=6616, tid=13172
#
# JRE version:  (17.0.12+8) (build )
# Java VM: Java HotSpot(TM) 64-Bit Server VM (17.0.12+8-LTS-286, mixed mode, sharing, tiered, unknown gc, windows-amd64)
# Problematic frame:
# C  [jimage.dll+0x1b85]
#
# No core dump will be written. Minidumps are not enabled by default on client versions of Windows
#
#

---------------  S U M M A R Y ------------

Command Line: 

Host: 11th Gen Intel(R) Core(TM) i3-1115G4 @ 3.00GHz, 4 cores, 7G,  Windows 11 , 64 bit Build 26100 (10.0.26100.7309)
Time: Sat Dec 13 22:23:35 2025 India Standard Time elapsed time: 0.124829 seconds (0d 0h 0m 0s)

---------------  T H R E A D  ---------------

Current thread is native thread

Stack: [0x000000b59f100000,0x000000b59f200000],  sp=0x000000b59f1fdea0,  free space=1015k
Native frames: (J=compiled Java code, j=interpreted, Vv=VM code, C=native code)
C  [jimage.dll+0x1b85]
C  [jimage.dll+0x1d13]
C  [jimage.dll+0x25d9]
V  [jvm.dll+0x1efaf5]
V  [jvm.dll+0xafe8e]
V  [jvm.dll+0x78b51c]
V  [jvm.dll+0x3ec83f]
V  [jvm.dll+0x3ee471]
C  [jli.dll+0x5297]
C  [ucrtbase.dll+0x37b0]
C  [KERNEL32.DLL+0x2e8d7]
C  [ntdll.dll+0x8c53c]


siginfo: EXCEPTION_ACCESS_VIOLATION (0xc0000005), reading address 0x000000000000108c


Registers:
RAX=0x000000000000041c, RBX=0x000000b59f1fdf91, RCX=0x00007ff9b8da6000, RDX=0x000000000000041c
RSP=0x000000b59f1fdea0, RBP=0x000000b59f1fdf90, RSI=0x0000000000007208, RDI=0x000000b59f1fdf90
R8 =0x00007ff9b8da4298, R9 =0x000000000000001c, R10=0x00007ff9b8db0000, R11=0x00007ff9b8da6000
R12=0x0000000000000000, R13=0x00000254ed295ea0, R14=0x000000b59f1ff000, R15=0x00007ff93d9bd348
RIP=0x00007ff9b8da1b85, EFLAGS=0x0000000000010246


Top of Stack: (sp=0x000000b59f1fdea0)
0x000000b59f1fdea0:   0000000000000000 000000b59f1fe368
0x000000b59f1fdeb0:   0000000000000000 0000000000000000
0x000000b59f1fdec0:   00000254ed29f1b0 00007ff9b8da1d13
0x000000b59f1fded0:   000000000000000b 00000254ed29f1b0
0x000000b59f1fdee0:   0000000000000000 0000000000000000
0x000000b59f1fdef0:   0000000000000000 0000000000000000
0x000000b59f1fdf00:   0000000000000000 0000000000000000
0x000000b59f1fdf10:   0000002900000000 0000000000000000
0x000000b59f1fdf20:   0000000000000000 0000000000000000
0x000000b59f1fdf30:   000019c9d35f5719 0000000000000000
0x000000b59f1fdf40:   00007ff93d99bef0 0000000000000017
0x000000b59f1fdf50:   00000254ed29f1b0 000000b59f1ff000
0x000000b59f1fdf60:   000000000000000b 00007ff9b8da25d9
0x000000b59f1fdf70:   0000000000000000 0000000000000000
0x000000b59f1fdf80:   00000254ed2a3740 0000000000000000
0x000000b59f1fdf90:   61622e6176616a2f 692f6b646a2f6573 

Instructions: (pc=0x00007ff9b8da1b85)
0x00007ff9b8da1a85:   48 85 c9 74 1d 80 3d 7f 45 00 00 00 74 06 48 8b
0x00007ff9b8da1a95:   53 18 eb 04 48 8b 53 40 e8 96 0e 00 00 48 83 63
0x00007ff9b8da1aa5:   48 00 8b 4b 0c 83 f9 ff 74 09 e8 cc 0c 00 00 83
0x00007ff9b8da1ab5:   4b 0c ff 48 8b 4b 70 48 85 c9 74 0f ba 10 00 00
0x00007ff9b8da1ac5:   00 e8 ed 0e 00 00 48 83 63 70 00 48 83 c4 20 5b
0x00007ff9b8da1ad5:   c3 cc cc 40 53 48 83 ec 20 48 8b d9 48 8d 0d 38
0x00007ff9b8da1ae5:   47 00 00 e8 9b 0c 00 00 83 6b 08 01 75 24 48 8b
0x00007ff9b8da1af5:   d3 48 8d 0d 1b 45 00 00 e8 22 08 00 00 48 8b cb
0x00007ff9b8da1b05:   e8 d6 fe ff ff ba 78 00 00 00 48 8b cb e8 a1 0e
0x00007ff9b8da1b15:   00 00 48 8d 0d 02 47 00 00 48 83 c4 20 5b e9 68
0x00007ff9b8da1b25:   0c 00 00 48 89 5c 24 08 48 89 74 24 10 57 48 83
0x00007ff9b8da1b35:   ec 20 41 8b f1 4d 8b c8 48 8b fa 4c 8b d9 4d 85
0x00007ff9b8da1b45:   c0 74 78 85 f6 74 74 44 8a 12 48 8d 5a 01 48 8b
0x00007ff9b8da1b55:   d3 b8 93 01 00 01 eb 12 69 c0 93 01 00 01 41 0f
0x00007ff9b8da1b65:   b6 ca 44 8a 12 33 c1 48 ff c2 45 84 d2 75 e9 4d
0x00007ff9b8da1b75:   8b 03 0f ba f0 1f 33 d2 49 8b cb f7 f6 48 63 c2
0x00007ff9b8da1b85:   41 8b 14 81 41 ff 50 08 85 c0 7e 24 8a 0f eb 10
0x00007ff9b8da1b95:   69 c0 93 01 00 01 0f b6 c9 33 c1 8a 0b 48 ff c3
0x00007ff9b8da1ba5:   84 c9 75 ec 0f ba f0 1f 33 d2 f7 f6 8b c2 eb 0e
0x00007ff9b8da1bb5:   79 09 83 c9 ff 2b c8 8b c1 eb 03 83 c8 ff 48 8b
0x00007ff9b8da1bc5:   5c 24 30 48 8b 74 24 38 48 83 c4 20 5f c3 cc 48
0x00007ff9b8da1bd5:   89 5c 24 08 48 89 74 24 10 57 48 83 ec 20 48 8b
0x00007ff9b8da1be5:   f1 48 8d 0d 33 46 00 00 e8 96 0b 00 00 33 ff 39
0x00007ff9b8da1bf5:   3d 1e 44 00 00 76 24 48 8b 05 1d 44 00 00 48 8b
0x00007ff9b8da1c05:   d6 48 8b 1c f8 48 8b 0b e8 68 1e 00 00 85 c0 74
0x00007ff9b8da1c15:   2b ff c7 3b 3d fa 43 00 00 72 dc 33 db 48 8d 0d
0x00007ff9b8da1c25:   f7 45 00 00 e8 62 0b 00 00 48 8b 74 24 38 48 8b
0x00007ff9b8da1c35:   c3 48 8b 5c 24 30 48 83 c4 20 5f c3 ff 43 08 eb
0x00007ff9b8da1c45:   dc cc cc 48 89 5c 24 08 48 89 74 24 10 57 48 83
0x00007ff9b8da1c55:   ec 20 48 8b d9 48 8b f2 48 8b 49 10 49 8b f8 8b
0x00007ff9b8da1c65:   53 30 48 8b 01 ff 50 20 4c 8b 43 50 48 8b d6 48
0x00007ff9b8da1c75:   8b 4b 10 44 8b c8 e8 a8 fe ff ff 83 f8 ff 74 38 



---------------  P R O C E S S  ---------------

VM state: not at safepoint (not fully initialized)

VM Mutex/Monitor currently owned by a thread: None

GC Precious Log:
<Not initialized>


Dynamic libraries:
0x00007ff6526b0000 - 0x00007ff6526b8000 	C:\Program Files\Java\jdk-17\bin\javac.exe
0x00007ff9caa00000 - 0x00007ff9cac67000 	C:\WINDOWS\SYSTEM32\ntdll.dll
0x00007ff9c9600000 - 0x00007ff9c96c9000 	C:\WINDOWS\System32\KERNEL32.DLL
0x00007ff9c7b50000 - 0x00007ff9c7f3f000 	C:\WINDOWS\System32\KERNELBASE.dll
0x00007ff9c8000000 - 0x00007ff9c814b000 	C:\WINDOWS\System32\ucrtbase.dll
0x00007ff9b8e60000 - 0x00007ff9b8e79000 	C:\Program Files\Java\jdk-17\bin\jli.dll
0x00007ff9ca7f0000 - 0x00007ff9ca8a4000 	C:\WINDOWS\System32\ADVAPI32.dll
0x00007ff9c94e0000 - 0x00007ff9c9589000 	C:\WINDOWS\System32\msvcrt.dll
0x00007ff9c9ff0000 - 0x00007ff9ca096000 	C:\WINDOWS\System32\sechost.dll
0x00007ff9c8f00000 - 0x00007ff9c9018000 	C:\WINDOWS\System32\RPCRT4.dll
0x00007ff9ca0a0000 - 0x00007ff9ca265000 	C:\WINDOWS\System32\USER32.dll
0x00007ff9c8380000 - 0x00007ff9c83a7000 	C:\WINDOWS\System32\win32u.dll
0x00007ff9c93c0000 - 0x00007ff9c93eb000 	C:\WINDOWS\System32\GDI32.dll
0x00007ff9c83b0000 - 0x00007ff9c84dc000 	C:\WINDOWS\System32\gdi32full.dll
0x00007ff9c8150000 - 0x00007ff9c81f3000 	C:\WINDOWS\System32\msvcp_win.dll
0x00007ff9b8db0000 - 0x00007ff9b8dcb000 	C:\Program Files\Java\jdk-17\bin\VCRUNTIME140.dll
0x00007ff9afa90000 - 0x00007ff9afd23000 	C:\WINDOWS\WinSxS\amd64_microsoft.windows.common-controls_6595b64144ccf1df_6.0.26100.7309_none_3e05feeae336a044\COMCTL32.dll
0x00007ff9b7ba0000 - 0x00007ff9b7bab000 	C:\WINDOWS\SYSTEM32\VERSION.dll
0x00007ff9c9020000 - 0x00007ff9c9051000 	C:\WINDOWS\System32\IMM32.DLL
0x00007ff9b8f00000 - 0x00007ff9b8f0c000 	C:\Program Files\Java\jdk-17\bin\vcruntime140_1.dll
0x00007ff98f380000 - 0x00007ff98f40e000 	C:\Program Files\Java\jdk-17\bin\msvcp140.dll
0x00007ff93d0e0000 - 0x00007ff93dcc0000 	C:\Program Files\Java\jdk-17\bin\server\jvm.dll
0x00007ff9c93f0000 - 0x00007ff9c93f8000 	C:\WINDOWS\System32\PSAPI.DLL
0x00007ff9b8c00000 - 0x00007ff9b8c0a000 	C:\WINDOWS\SYSTEM32\WSOCK32.dll
0x00007ff9c96d0000 - 0x00007ff9c9744000 	C:\WINDOWS\System32\WS2_32.dll
0x00007ff9c0340000 - 0x00007ff9c0375000 	C:\WINDOWS\SYSTEM32\WINMM.dll
0x00007ff9c6900000 - 0x00007ff9c691b000 	C:\WINDOWS\SYSTEM32\kernel.appcore.dll
0x00007ff9b8da0000 - 0x00007ff9b8daa000 	C:\Program Files\Java\jdk-17\bin\jimage.dll
0x00007ff9c5170000 - 0x00007ff9c53b2000 	C:\WINDOWS\SYSTEM32\DBGHELP.DLL
0x00007ff9ca280000 - 0x00007ff9ca606000 	C:\WINDOWS\System32\combase.dll
0x00007ff9c9400000 - 0x00007ff9c94d6000 	C:\WINDOWS\System32\OLEAUT32.dll
0x00007ff99fd60000 - 0x00007ff99fd9c000 	C:\WINDOWS\SYSTEM32\dbgcore.DLL
0x00007ff9c7f50000 - 0x00007ff9c7ff5000 	C:\WINDOWS\System32\bcryptPrimitives.dll

dbghelp: loaded successfully - version: 4.0.5 - missing functions: none
symbol engine: initialized successfully - sym options: 0x614 - pdb path: .;C:\Program Files\Java\jdk-17\bin;C:\WINDOWS\SYSTEM32;C:\WINDOWS\WinSxS\amd64_microsoft.windows.common-controls_6595b64144ccf1df_6.0.26100.7309_none_3e05feeae336a044;C:\Program Files\Java\jdk-17\bin\server

VM Arguments:
java_command: <unknown>
java_class_path (initial): <not set>
Launcher Type: SUN_STANDARD

[Global flags]
     bool UseLargePagesIndividualAllocation        = false                                  {pd product} {ergonomic}

Logging:
Log output configuration:
 #0: stdout all=warning uptime,level,tags
 #1: stderr all=off uptime,level,tags

Environment Variables:
JAVA_HOME=C:\Program Files\Java\jdk-17
PATH=C:\Program Files\Common Files\Oracle\Java\javapath;C:\WINDOWS\system32;C:\WINDOWS;C:\WINDOWS\System32\Wbem;C:\WINDOWS\System32\WindowsPowerShell\v1.0\;C:\WINDOWS\System32\OpenSSH\;C:\Program Files\dotnet\;C:\Program Files\nodejs\;C:\ProgramData\chocolatey\bin;C:\Program Files\Git\cmd;C:\WINDOWS\system32;C:\WINDOWS;C:\WINDOWS\System32\Wbem;C:\WINDOWS\System32\WindowsPowerShell\v1.0\;C:\WINDOWS\System32\OpenSSH\;C:\Program Files\dotnet\;C:\Program Files\nodejs\;C:\ProgramData\chocolatey\bin;C:\Program Files\Git\cmd;C:\Program Files\MySQL\MySQL Shell 8.0\bin\;C:\Users\babit\AppData\Local\Programs\Python\Python312\Scripts\;C:\Users\babit\AppData\Local\Programs\Python\Python312\;C:\Users\babit\AppData\Local\Microsoft\WindowsApps;C:\Users\babit\AppData\Local\Programs\Microsoft VS Code\bin;C:\Users\babit\AppData\Roaming\npm;;C:\Program Files\Java\jdk-17\bin
USERNAME=babit
LANG=en_US.UTF-8
OS=Windows_NT
PROCESSOR_IDENTIFIER=Intel64 Family 6 Model 140 Stepping 1, GenuineIntel



---------------  S Y S T E M  ---------------

OS:
 Windows 11 , 64 bit Build 26100 (10.0.26100.7309)
OS uptime: 1 days 12:14 hours

CPU: total 4 (initial active 0) 

Memory: 4k page, system-wide physical 7926M (562M free)
TotalPageFile size 15926M (AvailPageFile size 1M)
current process WorkingSet (physical memory assigned to process): 9M, peak: 9M
current process commit charge ("private bytes"): 3M, peak: 3M

vm_info: Java HotSpot(TM) 64-Bit Server VM (17.0.12+8-LTS-286) for windows-amd64 JRE (17.0.12+8-LTS-286), built on Jun  5 2024 06:46:59 by "mach5one" with MS VC++ 17.6 (VS2022)

END.
